
student@DELLPRE3660S029SYS-S008 MINGW64 ~ (main)
$ cd "C:\Users\student\Desktop\ME"

student@DELLPRE3660S029SYS-S008 MINGW64 ~/Desktop/ME (master)
$ git remote add origin https://github.com/SafuraAR/nano.git

student@DELLPRE3660S029SYS-S008 MINGW64 ~/Desktop/ME (master)
$ git push -u origin master
info: please complete authentication in your browser...
Enumerating objects: 6, done.
Counting objects: 100% (6/6), done.
Delta compression using up to 24 threads
Compressing objects: 100% (6/6), done.
Writing objects: 100% (6/6), 6.42 KiB | 3.21 MiB/s, done.
Total 6 (delta 0), reused 0 (delta 0), pack-reused 0 (from 0)
To https://github.com/SafuraAR/nano.git
 * [new branch]      master -> master
branch 'master' set up to track 'origin/master'.

student@DELLPRE3660S029SYS-S008 MINGW64 ~/Desktop/ME (master)
$ git push -u origin master
branch 'master' set up to track 'origin/master'.
Everything up-to-date

student@DELLPRE3660S029SYS-S008 MINGW64 ~/Desktop/ME (master)
$ git branch best

student@DELLPRE3660S029SYS-S008 MINGW64 ~/Desktop/ME (master)
$ git branch
  best
* master

student@DELLPRE3660S029SYS-S008 MINGW64 ~/Desktop/ME (master)
$ git checkout best
M       data.txt
M       multilang.txt
Switched to branch 'best'

student@DELLPRE3660S029SYS-S008 MINGW64 ~/Desktop/ME (best)
$ git status
On branch best
Changes not staged for commit:
  (use "git add <file>..." to update what will be committed)
  (use "git restore <file>..." to discard changes in working directory)
        modified:   data.txt
        modified:   multilang.txt

no changes added to commit (use "git add" and/or "git commit -a")

student@DELLPRE3660S029SYS-S008 MINGW64 ~/Desktop/ME (best)
$ git add .

student@DELLPRE3660S029SYS-S008 MINGW64 ~/Desktop/ME (best)
$ git commit -, "line added in multilang.txt"
error: unknown switch `,'
usage: git commit [-a | --interactive | --patch] [-s] [-v] [-u[<mode>]] [--amend]
                  [--dry-run] [(-c | -C | --squash) <commit> | --fixup [(amend|reword):]<commit>]
                  [-F <file> | -m <msg>] [--reset-author] [--allow-empty]
                  [--allow-empty-message] [--no-verify] [-e] [--author=<author>]
                  [--date=<date>] [--cleanup=<mode>] [--[no-]status]
                  [-i | -o] [--pathspec-from-file=<file> [--pathspec-file-nul]]
                  [(--trailer <token>[(=|:)<value>])...] [-S[<keyid>]]
                  [--] [<pathspec>...]

    -q, --[no-]quiet      suppress summary after successful commit
    -v, --[no-]verbose    show diff in commit message template

Commit message options
    -F, --[no-]file <file>
                          read message from file
    --[no-]author <author>
                          override author for commit
    --[no-]date <date>    override date for commit
    -m, --[no-]message <message>
                          commit message
    -c, --[no-]reedit-message <commit>
                          reuse and edit message from specified commit
    -C, --[no-]reuse-message <commit>
                          reuse message from specified commit
    --[no-]fixup [(amend|reword):]commit
                          use autosquash formatted message to fixup or amend/reword specified commit
    --[no-]squash <commit>
                          use autosquash formatted message to squash specified commit
    --[no-]reset-author   the commit is authored by me now (used with -C/-c/--amend)
    --trailer <trailer>   add custom trailer(s)
    -s, --[no-]signoff    add a Signed-off-by trailer
    -t, --[no-]template <file>
                          use specified template file
    -e, --[no-]edit       force edit of commit
    --[no-]cleanup <mode> how to strip spaces and #comments from message
    --[no-]status         include status in commit message template
    -S, --[no-]gpg-sign[=<key-id>]
                          GPG sign commit

Commit contents options
    -a, --[no-]all        commit all changed files
    -i, --[no-]include    add specified files to index for commit
    --[no-]interactive    interactively add files
    -p, --[no-]patch      interactively add changes
    -U, --unified <n>     generate diffs with <n> lines context
    --inter-hunk-context <n>
                          show context between diff hunks up to the specified number of lines
    -o, --[no-]only       commit only specified files
    -n, --no-verify       bypass pre-commit and commit-msg hooks
    --verify              opposite of --no-verify
    --[no-]dry-run        show what would be committed
    --[no-]short          show status concisely
    --[no-]branch         show branch information
    --[no-]ahead-behind   compute full ahead/behind values
    --[no-]porcelain      machine-readable output
    --[no-]long           show status in long format (default)
    -z, --[no-]null       terminate entries with NUL
    --[no-]amend          amend previous commit
    --no-post-rewrite     bypass post-rewrite hook
    --post-rewrite        opposite of --no-post-rewrite
    -u, --[no-]untracked-files[=<mode>]
                          show untracked files, optional modes: all, normal, no. (Default: all)
    --[no-]pathspec-from-file <file>
                          read pathspec from file
    --[no-]pathspec-file-nul
                          with --pathspec-from-file, pathspec elements are separated with NUL character


student@DELLPRE3660S029SYS-S008 MINGW64 ~/Desktop/ME (best)
$ git commit - "line added in multilang.txt"
error: pathspec '-' did not match any file(s) known to git
error: pathspec 'line added in multilang.txt' did not match any file(s) known to git

student@DELLPRE3660S029SYS-S008 MINGW64 ~/Desktop/ME (best)
$ git commit -m "line added in multilang.txt"
[best 14e8fde] line added in multilang.txt
 2 files changed, 2 insertions(+), 1 deletion(-)

student@DELLPRE3660S029SYS-S008 MINGW64 ~/Desktop/ME (best)
$ git log
commit 14e8fde204dec6cd2845e78befad02f41f1fb54a (HEAD -> best)
Author: Safura_ar <safura.arn@gmail.com>
Date:   Wed Sep 24 14:55:12 2025 +0530

    line added in multilang.txt

commit b716425772df04fd79b0880f4edbda4f04fd4d13 (origin/master, master)
Author: Safura_ar <safura.arn@gmail.com>
Date:   Tue Sep 23 16:36:57 2025 +0530

    addition of line in data.txt

student@DELLPRE3660S029SYS-S008 MINGW64 ~/Desktop/ME (best)
$ git push -u origin best
Enumerating objects: 7, done.
Counting objects: 100% (7/7), done.
Delta compression using up to 24 threads
Compressing objects: 100% (4/4), done.
Writing objects: 100% (4/4), 380 bytes | 380.00 KiB/s, done.
Total 4 (delta 3), reused 0 (delta 0), pack-reused 0 (from 0)
remote: Resolving deltas: 100% (3/3), completed with 3 local objects.
remote:
remote: Create a pull request for 'best' on GitHub by visiting:
remote:      https://github.com/SafuraAR/nano/pull/new/best
remote:
To https://github.com/SafuraAR/nano.git
 * [new branch]      best -> best
branch 'best' set up to track 'origin/best'.

student@DELLPRE3660S029SYS-S008 MINGW64 ~/Desktop/ME (best)
$
